// Jest Snapshot v1, https://goo.gl/fbAQLP

exports[`VTimePicker.js should accept a date object for a value 1`] = `

<div class="card picker picker--time picker--time--hours"
     style="height: auto;"
>
  <div class="picker__title">
    <div class="picker--time__title">
      <span class="active">
        12
      </span>
      <span class>
        :00
      </span>
    </div>
    <div>
      <span class="active">
        AM
      </span>
      <span class>
        PM
      </span>
    </div>
  </div>
  <div class="picker__body">
    <div class="picker--time__clock">
      <div class="picker--time__clock-hand hour blue accent-1">
      </div>
      <span class>
        <span>
          1
        </span>
      </span>
      <span class>
        <span>
          2
        </span>
      </span>
      <span class>
        <span>
          3
        </span>
      </span>
      <span class>
        <span>
          4
        </span>
      </span>
      <span class>
        <span>
          5
        </span>
      </span>
      <span class>
        <span>
          6
        </span>
      </span>
      <span class>
        <span>
          7
        </span>
      </span>
      <span class>
        <span>
          8
        </span>
      </span>
      <span class>
        <span>
          9
        </span>
      </span>
      <span class>
        <span>
          10
        </span>
      </span>
      <span class>
        <span>
          11
        </span>
      </span>
      <span class="active blue accent-1">
        <span>
          12
        </span>
      </span>
      <div class="picker--time__clock__center blue accent-1">
      </div>
    </div>
  </div>
</div>

`;

exports[`VTimePicker.js should accept a value 1`] = `

<div class="card picker picker--time picker--time--hours"
     style="height: auto;"
>
  <div class="picker__title">
    <div class="picker--time__title">
      <span class="active">
        9
      </span>
      <span class>
        :00
      </span>
    </div>
    <div>
      <span class="active">
        AM
      </span>
      <span class>
        PM
      </span>
    </div>
  </div>
  <div class="picker__body">
    <div class="picker--time__clock">
      <div class="picker--time__clock-hand hour blue accent-1">
      </div>
      <span class>
        <span>
          1
        </span>
      </span>
      <span class>
        <span>
          2
        </span>
      </span>
      <span class>
        <span>
          3
        </span>
      </span>
      <span class>
        <span>
          4
        </span>
      </span>
      <span class>
        <span>
          5
        </span>
      </span>
      <span class>
        <span>
          6
        </span>
      </span>
      <span class>
        <span>
          7
        </span>
      </span>
      <span class>
        <span>
          8
        </span>
      </span>
      <span class="active blue accent-1">
        <span>
          9
        </span>
      </span>
      <span class>
        <span>
          10
        </span>
      </span>
      <span class>
        <span>
          11
        </span>
      </span>
      <span class>
        <span>
          12
        </span>
      </span>
      <div class="picker--time__clock__center blue accent-1">
      </div>
    </div>
  </div>
</div>

`;

exports[`VTimePicker.js should change am/pm when updated from model 1`] = `

<div class="card picker picker--time picker--time--hours"
     style="height: auto;"
>
  <div class="picker__title">
    <div class="picker--time__title">
      <span class="active">
        9
      </span>
      <span class>
        :00
      </span>
    </div>
    <div>
      <span class="active">
        AM
      </span>
      <span class>
        PM
      </span>
    </div>
  </div>
  <div class="picker__body">
    <div class="picker--time__clock">
      <div class="picker--time__clock-hand hour blue accent-1">
      </div>
      <span class>
        <span>
          1
        </span>
      </span>
      <span class>
        <span>
          2
        </span>
      </span>
      <span class>
        <span>
          3
        </span>
      </span>
      <span class>
        <span>
          4
        </span>
      </span>
      <span class>
        <span>
          5
        </span>
      </span>
      <span class>
        <span>
          6
        </span>
      </span>
      <span class>
        <span>
          7
        </span>
      </span>
      <span class>
        <span>
          8
        </span>
      </span>
      <span class="active blue accent-1">
        <span>
          9
        </span>
      </span>
      <span class>
        <span>
          10
        </span>
      </span>
      <span class>
        <span>
          11
        </span>
      </span>
      <span class>
        <span>
          12
        </span>
      </span>
      <div class="picker--time__clock__center blue accent-1">
      </div>
    </div>
  </div>
</div>

`;

exports[`VTimePicker.js should render colored time picker 1`] = `

<div class="card picker picker--time picker--time--hours"
     style="height: auto;"
>
  <div class="picker__title orange darken-1">
    <div class="picker--time__title">
      <span class="active">
        9
      </span>
      <span class>
        :00
      </span>
    </div>
    <div>
      <span class="active">
        AM
      </span>
      <span class>
        PM
      </span>
    </div>
  </div>
  <div class="picker__body">
    <div class="picker--time__clock">
      <div class="picker--time__clock-hand hour primary">
      </div>
      <span class>
        <span>
          1
        </span>
      </span>
      <span class>
        <span>
          2
        </span>
      </span>
      <span class>
        <span>
          3
        </span>
      </span>
      <span class>
        <span>
          4
        </span>
      </span>
      <span class>
        <span>
          5
        </span>
      </span>
      <span class>
        <span>
          6
        </span>
      </span>
      <span class>
        <span>
          7
        </span>
      </span>
      <span class>
        <span>
          8
        </span>
      </span>
      <span class="active primary">
        <span>
          9
        </span>
      </span>
      <span class>
        <span>
          10
        </span>
      </span>
      <span class>
        <span>
          11
        </span>
      </span>
      <span class>
        <span>
          12
        </span>
      </span>
      <div class="picker--time__clock__center primary">
      </div>
    </div>
  </div>
</div>

`;
